// Jest Snapshot v1, https://goo.gl/fbAQLP

exports[`Testing WishListItem Model  should create a new wishList  1`] = `
{
  "items": [
    {
      "id": 1,
      "img": "",
      "name": "joy",
      "price": 10,
    },
    {
      "id": 11,
      "img": "joy",
      "name": "joya",
      "price": 2000,
    },
  ],
}
`;
